

Working Directory = /users/iacana.weber/asyncCircuits
QoS Summary for xtea
================================================================================
Metric                          logical        
================================================================================
Slack (ps):                         0
  R2R (ps):                         0
  I2R (ps):                     1,649
  R2O (ps):                     1,609
  I2O (ps):                     6,894
  CG  (ps):                  no_value
TNS (ps):                           0
  R2R (ps):                         0
  I2R (ps):                         0
  R2O (ps):                         0
  I2O (ps):                         0
  CG  (ps):                  no_value
Failing Paths:                      0
Cell Area:                     58,534
Total Cell Area:               58,534
Leaf Instances:                11,026
Total Instances:               11,026
Utilization (%):                 0.00
Tot. Net Length (um):        no_value
Avg. Net Length (um):        no_value
Route Overflow H (%):        no_value
Route Overflow V (%):        no_value
MBCI(%) (bits/gate) :            0.00
Norm Cong Hotspot Area:
  Max Cong:                  no_value
  Tot Cong:                  no_value
================================================================================
CPU  Runtime (h:m:s):        00:25:33
Real Runtime (h:m:s):        00:22:31
CPU  Elapsed (h:m:s):        00:25:36
Real Elapsed (h:m:s):        00:22:31
Memory (MB):                  1243.20
================================================================================
================================================================================
Flow Settings:
================================================================================
Total Runtime (h:m:s): 00:22:33
Total Memory (MB):     1243.20
Executable Version:    18.14-s037_1
================================================================================
Total Cell Area =  Cell Area + Physical Cell Area
Total Instances =  Leaf Instances + Physical Instances


